******************************************************************************
                  TI ARM Linker Unix v15.12.1                  
******************************************************************************
>> Linked Tue Mar 28 23:03:15 2017

OUTPUT FILE NAME:   <bluetooth.out>
ENTRY POINT SYMBOL: "_c_int00"  address: 00000701


MEMORY CONFIGURATION

         name            origin    length      used     unused   attr    fill
----------------------  --------  ---------  --------  --------  ----  --------
  FLASH                 00000000   00040000  00000880  0003f780  R  X
  SRAM                  20000000   00008000  00000220  00007de0  RW X


SEGMENT ALLOCATION MAP

run origin  load origin   length   init length attrs members
----------  ----------- ---------- ----------- ----- -------
00000000    00000000    00000884   00000884    r-x
  00000000    00000000    0000026c   0000026c    r-- .intvecs
  0000026c    0000026c    000005d8   000005d8    r-x .text
  00000848    00000848    0000003c   0000003c    r-- .cinit
20000000    20000000    00000220   00000000    rw-
  20000000    20000000    00000200   00000000    rw- .stack
  20000200    20000200    00000018   00000000    rw- .data
  20000218    20000218    00000008   00000000    rw- .bss


SECTION ALLOCATION MAP

 output                                  attributes/
section   page    origin      length       input sections
--------  ----  ----------  ----------   ----------------
.intvecs   0    00000000    0000026c     
                  00000000    0000026c     tm4c123gh6pm_startup_ccs.obj (.intvecs)

.text      0    0000026c    000005d8     
                  0000026c    000002a0     main.obj (.text)
                  0000050c    0000009c     rtsv7M4_T_le_v4SPD16_eabi.lib : memcpy_t2.obj (.text)
                  000005a8    0000007a                                   : memset_t2.obj (.text)
                  00000622    00000002                                   : mpu_init.obj (.text)
                  00000624    00000070                                   : autoinit.obj (.text)
                  00000694    0000006a                                   : copy_decompress_rle.obj (.text)
                  000006fe    00000002                                   : startup.obj (.text)
                  00000700    00000054                                   : boot.obj (.text)
                  00000754    00000054                                   : exit.obj (.text)
                  000007a8    0000004c                                   : cpy_tbl.obj (.text)
                  000007f4    00000018                                   : args_main.obj (.text)
                  0000080c    00000014                                   : _lock.obj (.text)
                  00000820    0000000e                                   : copy_decompress_none.obj (.text:decompress:none)
                  0000082e    0000000c     tm4c123gh6pm_startup_ccs.obj (.text)
                  0000083a    00000006     rtsv7M4_T_le_v4SPD16_eabi.lib : copy_decompress_rle.obj (.text:decompress:rle24)
                  00000840    00000004                                   : pre_init.obj (.text)

.cinit     0    00000848    0000003c     
                  00000848    00000016     (.cinit..data.load) [load image, compression = rle]
                  0000085e    00000002     --HOLE-- [fill = 0]
                  00000860    00000009     (.cinit..bss.load) [load image, compression = rle]
                  00000869    00000003     --HOLE-- [fill = 0]
                  0000086c    00000008     (__TI_handler_table)
                  00000874    00000010     (__TI_cinit_table)

.init_array 
*          0    00000000    00000000     UNINITIALIZED

.data      0    20000200    00000018     UNINITIALIZED
                  20000200    0000000c     rtsv7M4_T_le_v4SPD16_eabi.lib : exit.obj (.data:$O1$$)
                  2000020c    00000008                                   : _lock.obj (.data:$O1$$)
                  20000214    00000004                                   : stkdepth_vars.obj (.data)

.bss       0    20000218    00000008     UNINITIALIZED
                  20000218    00000008     main.obj (.bss)

.stack     0    20000000    00000200     UNINITIALIZED
                  20000000    00000200     --HOLE--

MODULE SUMMARY

       Module                         code   ro data   rw data
       ------                         ----   -------   -------
    ./
       main.obj                       672    0         8      
       tm4c123gh6pm_startup_ccs.obj   12     620       0      
    +--+------------------------------+------+---------+---------+
       Total:                         684    620       8      
                                                              
    /home/karol/Programas/ti/ccsv6/tools/compiler/ti-cgt-arm_15.12.1.LTS/lib/rtsv7M4_T_le_v4SPD16_eabi.lib
       memcpy_t2.obj                  156    0         0      
       memset_t2.obj                  122    0         0      
       autoinit.obj                   112    0         0      
       copy_decompress_rle.obj        112    0         0      
       exit.obj                       84     0         12     
       boot.obj                       84     0         0      
       cpy_tbl.obj                    76     0         0      
       _lock.obj                      20     0         8      
       args_main.obj                  24     0         0      
       copy_decompress_none.obj       14     0         0      
       pre_init.obj                   4      0         0      
       stkdepth_vars.obj              0      0         4      
       mpu_init.obj                   2      0         0      
       startup.obj                    2      0         0      
    +--+------------------------------+------+---------+---------+
       Total:                         812    0         24     
                                                              
       Stack:                         0      0         512    
       Linker Generated:              0      55        0      
    +--+------------------------------+------+---------+---------+
       Grand Total:                   1496   675       544    


LINKER GENERATED COPY TABLES

__TI_cinit_table @ 00000874 records: 2, size/record: 8, table size: 16
	.data: load addr=00000848, load size=00000016 bytes, run addr=20000200, run size=00000018 bytes, compression=rle
	.bss: load addr=00000860, load size=00000009 bytes, run addr=20000218, run size=00000008 bytes, compression=rle


LINKER GENERATED HANDLER TABLE

__TI_handler_table @ 0000086c records: 2, size/record: 4, table size: 8
	index: 0, handler: __TI_decompress_rle24
	index: 1, handler: __TI_decompress_none


GLOBAL SYMBOLS: SORTED ALPHABETICALLY BY Name 

address   name                           
-------   ----                           
00000755  C$$EXIT                        
0000082f  ResetISR                       
UNDEFED   SHT$$INIT_ARRAY$$Base          
UNDEFED   SHT$$INIT_ARRAY$$Limit         
20000200  __STACK_END                    
00000200  __STACK_SIZE                   
20000200  __STACK_TOP                    
00000874  __TI_CINIT_Base                
00000884  __TI_CINIT_Limit               
0000086c  __TI_Handler_Table_Base        
00000874  __TI_Handler_Table_Limit       
00000625  __TI_auto_init                 
20000200  __TI_cleanup_ptr               
00000821  __TI_decompress_none           
0000083b  __TI_decompress_rle24          
20000204  __TI_dtors_ptr                 
20000208  __TI_enable_exit_profile_output
ffffffff  __TI_pprof_out_hndl            
ffffffff  __TI_prof_data_size            
ffffffff  __TI_prof_data_start           
00000000  __TI_static_base__             
000005a9  __aeabi_memclr                 
000005a9  __aeabi_memclr4                
000005a9  __aeabi_memclr8                
0000050d  __aeabi_memcpy                 
0000050d  __aeabi_memcpy4                
0000050d  __aeabi_memcpy8                
000005ab  __aeabi_memset                 
000005ab  __aeabi_memset4                
000005ab  __aeabi_memset8                
ffffffff  __binit__                      
ffffffff  __c_args__                     
00000623  __mpu_init                     
20000000  __stack                        
000007f5  _args_main                     
00000701  _c_int00                       
2000020c  _lock                          
0000081b  _nop                           
00000813  _register_lock                 
0000080d  _register_unlock               
000006ff  _system_post_cinit             
00000841  _system_pre_init               
20000210  _unlock                        
00000759  abort                          
ffffffff  binit                          
000007a9  copy_in                        
000003e3  delay                          
00000347  digital_setup                  
00000761  exit                           
00000000  g_pfnVectors                   
0000026d  main                           
20000214  main_func_sp                   
0000050d  memcpy                         
000005b1  memset                         
00000423  read_echo                      
000002f5  rx_char                        
00000309  tx_char                        
00000325  uart_print                     
0000027f  uart_setup                     


GLOBAL SYMBOLS: SORTED BY Symbol Address 

address   name                           
-------   ----                           
00000000  __TI_static_base__             
00000000  g_pfnVectors                   
00000200  __STACK_SIZE                   
0000026d  main                           
0000027f  uart_setup                     
000002f5  rx_char                        
00000309  tx_char                        
00000325  uart_print                     
00000347  digital_setup                  
000003e3  delay                          
00000423  read_echo                      
0000050d  __aeabi_memcpy                 
0000050d  __aeabi_memcpy4                
0000050d  __aeabi_memcpy8                
0000050d  memcpy                         
000005a9  __aeabi_memclr                 
000005a9  __aeabi_memclr4                
000005a9  __aeabi_memclr8                
000005ab  __aeabi_memset                 
000005ab  __aeabi_memset4                
000005ab  __aeabi_memset8                
000005b1  memset                         
00000623  __mpu_init                     
00000625  __TI_auto_init                 
000006ff  _system_post_cinit             
00000701  _c_int00                       
00000755  C$$EXIT                        
00000759  abort                          
00000761  exit                           
000007a9  copy_in                        
000007f5  _args_main                     
0000080d  _register_unlock               
00000813  _register_lock                 
0000081b  _nop                           
00000821  __TI_decompress_none           
0000082f  ResetISR                       
0000083b  __TI_decompress_rle24          
00000841  _system_pre_init               
0000086c  __TI_Handler_Table_Base        
00000874  __TI_CINIT_Base                
00000874  __TI_Handler_Table_Limit       
00000884  __TI_CINIT_Limit               
20000000  __stack                        
20000200  __STACK_END                    
20000200  __STACK_TOP                    
20000200  __TI_cleanup_ptr               
20000204  __TI_dtors_ptr                 
20000208  __TI_enable_exit_profile_output
2000020c  _lock                          
20000210  _unlock                        
20000214  main_func_sp                   
ffffffff  __TI_pprof_out_hndl            
ffffffff  __TI_prof_data_size            
ffffffff  __TI_prof_data_start           
ffffffff  __binit__                      
ffffffff  __c_args__                     
ffffffff  binit                          
UNDEFED   SHT$$INIT_ARRAY$$Base          
UNDEFED   SHT$$INIT_ARRAY$$Limit         

[59 symbols]
